// Jest Snapshot v1, https://goo.gl/fbAQLP

exports[`renders correctly and matches snapshot 1`] = `
<div>
  <div
    class="fui-FluentProvider fui-FluentProviderr0 ___jdtuxv0_17k0bs4 f19n0e5 fxugw4r f1o700av fk6fouc fkhj508 figsok6 f1i3iumi"
    dir="ltr"
  >
    <span
      class="fui-Input r1oeeo9n fui-SearchBox ___13yg2oi_15g8mz3 f1f5gg8d fhxju0i fvcxoqz f1ub3y4t f1l4zc64 f1m52nbi f8vnjqi fz1etlk f1klwx88 f1hc16gm fjuset5 f1xzfw5u"
    >
      <span
        class="fui-Input__contentBefore r1572tok fui-SearchBox__contentBefore"
      >
        <svg
          aria-hidden="true"
          class="___12fm75w_v8ls9a0 f1w7gpdv fez10in fg4l7m0"
          fill="currentColor"
          height="1em"
          viewBox="0 0 20 20"
          width="1em"
          xmlns="http://www.w3.org/2000/svg"
        >
          <path
            d="M12.73 13.44a6.5 6.5 0 1 1 .7-.7l3.42 3.4a.5.5 0 0 1-.63.77l-.07-.06-3.42-3.41Zm-.71-.71A5.54 5.54 0 0 0 14 8.5a5.5 5.5 0 1 0-1.98 4.23Z"
            fill="currentColor"
          />
        </svg>
      </span>
      <input
        class="fui-Input__input r12stul0 fui-SearchBox__input ___69a85s0_ca35df0 fk8j09s f1vdfbxk f18izjht fcoa6sg"
        placeholder="Search for snacks"
        type="search"
        value=""
      />
      <span
        class="fui-Input__contentAfter r1572tok fui-SearchBox__contentAfter ___yrbim60_1xrsupy f1cnd47f f1ufnopg fniina8 f3tsq5r f1a3p1vp"
      >
        <span
          aria-label="clear"
          class="fui-SearchBox__dismiss r1pvzcuu"
          role="button"
          tabindex="-1"
        >
          <svg
            aria-hidden="true"
            class="___12fm75w_v8ls9a0 f1w7gpdv fez10in fg4l7m0"
            fill="currentColor"
            height="1em"
            viewBox="0 0 20 20"
            width="1em"
            xmlns="http://www.w3.org/2000/svg"
          >
            <path
              d="m4.09 4.22.06-.07a.5.5 0 0 1 .63-.06l.07.06L10 9.29l5.15-5.14a.5.5 0 0 1 .63-.06l.07.06c.18.17.2.44.06.63l-.06.07L10.71 10l5.14 5.15c.18.17.2.44.06.63l-.06.07a.5.5 0 0 1-.63.06l-.07-.06L10 10.71l-5.15 5.14a.5.5 0 0 1-.63.06l-.07-.06a.5.5 0 0 1-.06-.63l.06-.07L9.29 10 4.15 4.85a.5.5 0 0 1-.06-.63l.06-.07-.06.07Z"
              fill="currentColor"
            />
          </svg>
        </span>
      </span>
    </span>
  </div>
</div>
`;
